SQL> 
SQL> 
SQL> -- Execute scripts  -------------------------------------------
SQL> 
SQL> start &&1
SQL> -- Create clustered index ----------------------------
SQL> 
SQL> -- Clustering on any tables with a ds_id field
SQL> -- Note that more indexes are included in 3_indexes.sql
SQL> 
SQL> create cluster ds_cluster (ds_ID varchar(50));
create cluster ds_cluster (ds_ID varchar(50))
               *
ERROR at line 1:
ORA-00955: name is already used by an existing object 
Help: https://docs.oracle.com/error-help/db/ora-00955/ 


SQL> create index ds_cluster_idx
  2  on cluster ds_cluster;

Index created.

SQL> 
SQL> 
SQL> -- Create tables without foreign keys first ----------
SQL> 
SQL> create table institution (
  2  	     int_ID int primary key,
  3  	     name varchar(1000),
  4  	     address varchar(500)
  5  );

Table created.

SQL> 
SQL> create table license (
  2  	     lic_ID int primary key,
  3  	     name varchar(15),
  4  	     url varchar(250)
  5  );

Table created.

SQL> 
SQL> create table funding_agency (
  2  	     agency_ID int primary key,
  3  	     name varchar(250),
  4  	     total_amount number,
  5  	     location varchar(25)
  6  );

Table created.

SQL> 
SQL> create table grants (
  2  	     grant_ID int primary key,
  3  	     grant_number varchar(250),
  4  	     amount number
  5  );

Table created.

SQL> 
SQL> create table software_license (
  2  	     sw_lic_ID int primary key,
  3  	     name varchar(20),
  4  	     url varchar(100),
  5  	     gpl_compatible char(1) check (gpl_compatible in ('T', 'F'))
  6  );

Table created.

SQL> 
SQL> create table software (
  2  	     sw_ID int primary key,
  3  	     name varchar(25),
  4  	     description varchar(25)
  5  );

Table created.

SQL> 
SQL> create table users (
  2  	     u_ID int primary key,
  3  	     email varchar(30) -- max 26
  4  );

Table created.

SQL> 
SQL> create table root_dataverse (
  2  	     root_ID int primary key,
  3  	     title varchar(50),
  4  	     url varchar(50),
  5  	     description varchar(500)
  6  );

Table created.

SQL> 
SQL> 
SQL> -- Now tables with foreign keys. Work down from root ----------
SQL> 
SQL> create table collection (
  2  	     col_ID int primary key,
  3  	     root_ID int references root_dataverse (root_ID),
  4  	     title varchar(500),
  5  	     description varchar(1000),
  6  	     pub_date date,
  7  	     n_files int,
  8  	     n_datasets int,
  9  	     file_downloads int
 10  );

Table created.

SQL> 
SQL> create table dataset (
  2  	     ds_ID varchar(50) primary key,
  3  		     -- ds_ID is a DOI
  4  	     col_ID int references collection (col_ID),
  5  	     lic_ID int references license (lic_ID),
  6  	     sw_lic_ID int references software_license (sw_lic_ID),
  7  	     title varchar(300),
  8  	     description varchar(1000),
  9  	     pub_date date,
 10  	     file_downloads int,
 11  	     n_files int,
 12  	     url varchar(50)
 13  )
 14  cluster ds_cluster(ds_ID);

Table created.

SQL> 
SQL> create table files (
  2  	     file_ID varchar(50) primary key,
  3  		     -- this is a DOI
  4  	     ds_ID varchar(50) references dataset (ds_ID),
  5  	 filetype varchar(100) check (filetype in (
  6  	     'Adobe PDF',
  7  	     'AVI Video',
  8  	     'Comma Separated Values',
  9  	     'Fixed Field Text Data',
 10  	     'Gzip Archive',
 11  	     'JSON',
 12  	     'Markdown Text',
 13  	     'Mathematica',
 14  	     'MATLAB Data',
 15  	     'MATLAB Source Code',
 16  	     'MS Excel Spreadsheet',
 17  	     'MS Word',
 18  	     'Network Common Data Form',
 19  	     'Plain Text',
 20  	     'PNG Image',
 21  	     'Python Source Code',
 22  	     'Quicktime Video',
 23  	     'R Syntax',
 24  	     'Rich Text Format',
 25  	     'Shapefile as ZIP Archive',
 26  	     'Stata Syntax',
 27  	     'Tab-Delimited',
 28  	     'TAR Archive',
 29  	     'TIFF Image',
 30  	     'Unknown',
 31  	     'XZ Archive',
 32  	     'ZIP Archive'
 33  	 )),
 34  	     filesize numeric,
 35  	     title varchar(1000),
 36  	     description varchar(1000),
 37  	     downloads int,
 38  	     pub_date date
 39  )
 40  cluster ds_cluster(ds_ID);

Table created.

SQL> 
SQL> create table subjects (
  2  	     ds_ID varchar(50) references dataset (ds_ID),
  3  	     subject varchar(100) check (subject in (
  4  	     'Arts and Humanities',
  5  	     'Astronomy and Astrophysics',
  6  	     'Business and Management',
  7  	     'Chemistry',
  8  	     'Computer and Information Science',
  9  	     'Earth and Environmental Sciences',
 10  	     'Engineering',
 11  	     'Law',
 12  	     'Mathematical Sciences',
 13  	     'Medicine, Health and Life Sciences',
 14  	     'Other',
 15  	     'Physics',
 16  	     'Social Sciences'
 17  	 )),
 18  	     primary key (ds_ID, subject)
 19  )
 20  cluster ds_cluster(ds_ID);

Table created.

SQL> 
SQL> create table registered_user (
  2  	     ru_ID int primary key,
  3  	     u_ID int references users (u_id),
  4  	 name varchar(50),
  5  	     pw_hash varchar(25)
  6  );

Table created.

SQL> 
SQL> create table author (
  2  	     auth_ID int primary key,
  3  	     ru_ID int references registered_user (ru_ID),
  4  	     orcid varchar(20)
  5  );

Table created.

SQL> 
SQL> create table affiliation (
  2  	     int_ID int references institution (int_ID),
  3  	     ru_ID int references registered_user (ru_ID),
  4  	     primary key (int_ID, ru_ID)
  5  );

Table created.

SQL> 
SQL> create table publication (
  2  	     pub_ID int,
  3  	     ds_ID varchar(50) references dataset (ds_ID),
  4  	     citation varchar(750),
  5  	     url varchar(250),
  6  	     primary key (pub_ID, ds_ID)
  7  )
  8  cluster ds_cluster(ds_ID);

Table created.

SQL> 
SQL> create table produce (
  2  	     auth_ID int references author (auth_ID),
  3  	     pub_ID int,
  4  	     primary key (auth_ID, pub_ID),
  5  	     constraint RFK_produce foreign key (pub_ID) references publication (pub_ID)
  6  );
	constraint RFK_produce foreign key (pub_ID) references publication (pub_ID)
	                                                                    *
ERROR at line 5:
ORA-02270: no matching unique or primary key for this column-list 
Help: https://docs.oracle.com/error-help/db/ora-02270/ 


SQL> 
SQL> create table file_upload (
  2  	     auth_ID int references author (auth_ID),
  3  	     file_ID varchar(50) references files (file_ID),
  4  	     timestamp timestamp,
  5  	     primary key (file_ID, auth_ID, timestamp)
  6  );

Table created.

SQL> 
SQL> create table file_download (
  2  	     file_ID varchar(50) references files (file_ID),
  3  	     u_ID int references users (u_ID),
  4  	     timestamp timestamp,
  5  	     primary key (file_ID, u_ID, timestamp)
  6  );

Table created.

SQL> 
SQL> create table dataset_upload (
  2  	     ds_ID varchar(50) references dataset (ds_ID),
  3  	     auth_ID int references author (auth_ID),
  4  	     timestamp timestamp,
  5  	     primary key (ds_ID, auth_ID, timestamp)
  6  )
  7  cluster ds_cluster(ds_ID);

Table created.

SQL> 
SQL> create table dataset_download (
  2  	     ds_ID varchar(50) references dataset (ds_ID),
  3  	     u_ID int references users (u_ID),
  4  	     timestamp timestamp,
  5  	     primary key (ds_ID, u_ID, timestamp)
  6  )
  7  cluster ds_cluster(ds_ID);

Table created.

SQL> 
SQL> create table keywords (
  2  	     ds_ID varchar(50) references dataset (ds_ID),
  3  	     keyword varchar(100),
  4  	     primary key (ds_ID, keyword)
  5  )
  6  cluster ds_cluster(ds_ID);

Table created.

SQL> 
SQL> create table funds (
  2  	     grant_ID int references grants (grant_ID),
  3  	     ds_ID varchar(50) references dataset (ds_ID),
  4  	     agency_ID int references funding_agency(agency_ID),
  5  	     primary key (grant_ID, ds_ID, agency_ID)
  6  )
  7  cluster ds_cluster(ds_ID);

Table created.

SQL> 
SQL> create table admin (
  2  	     ru_ID int references registered_user (ru_ID),
  3  	     start_date date,
  4  	     primary key (ru_ID, start_date)
  5  );

Table created.

SQL> 
SQL> create table manage_dataverse (
  2  	     ru_ID int references registered_user (ru_ID),
  3  	     root_ID int references root_dataverse (root_ID),
  4  	     timestamp timestamp,
  5  	     description varchar(1000),
  6  	     primary key (ru_ID, timestamp)
  7  );

Table created.

SQL> 
SQL> create table manage_collection (
  2  	     col_ID int references collection (col_ID),
  3  	     ru_ID int references registered_user (ru_ID),
  4  	     timestamp timestamp,
  5  	     description varchar(500),
  6  	     primary key (ru_ID, col_ID, timestamp)
  7  );

Table created.

SQL> 
SQL> create table contact (
  2  	     u_ID int references users (u_ID),
  3  	     ds_ID varchar(50) references dataset (ds_ID),
  4  	     timestamp timestamp,
  5  	     message varchar(500),
  6  	     primary key (u_ID, ds_ID, timestamp)
  7  )
  8  cluster ds_cluster(ds_ID);

Table created.

SQL> 
SQL> create table analyzes (
  2  	     sw_ID int references software (sw_ID),
  3  	     ds_ID varchar(50) references dataset (ds_ID),
  4  	     title varchar(500),
  5  	     description varchar(1000),
  6  	     repo_url varchar(250),
  7  	     primary key (sw_ID, ds_ID)
  8  )
  9  cluster ds_cluster(ds_ID);

Table created.

SQL> 
SQL> create table keyword_count (
  2  	     keyword VARCHAR(100),
  3  	     count_of number
  4  );

Table created.

SQL> 
SQL> create table empty_files AS SELECT * FROM files;

Table created.

SQL> 
SQL> 
SQL> 
SQL> SQL> 
SQL> 
SQL> -- Restore options --------------------------------------------
SQL> 
SQL> spool off
